// Jest Snapshot v1, https://goo.gl/fbAQLP

exports[`ProjectTeamsSettings render() renders 1`] = `
.glamor-0 {
  -webkit-align-items: center;
  -webkit-box-align: center;
  -ms-flex-align: center;
  align-items: center;
  display: -webkit-box;
  display: -webkit-flex;
  display: -ms-flexbox;
  display: flex;
}

.glamor-1 {
  -webkit-box-pack: justify;
  -webkit-justify-content: space-between;
  -ms-flex-pack: justify;
  justify-content: space-between;
  display: -webkit-box;
  display: -webkit-flex;
  display: -ms-flexbox;
  display: flex;
}

<SideEffect(DocumentTitle)
  title="Sentry"
>
  <div>
    <SettingsPageHeading
      title="Teams"
    />
    <Panel>
      <PanelHeader
        hasButtons={true}
        key="header"
      >
        <div
          className="glamor-0 glamor-1"
        >
          <div>
            Team
          </div>
          <div>
            <DropdownAutoComplete
              alignMenu="right"
              items={
                Array [
                  Object {
                    "label": <div
                      className="css-tkw8z0-verticalPaddingSmall css-1con10a-horizontalPaddingExtaSmall"
                    >
                      #
                      team-slug-2
                    </div>,
                    "searchKey": "team-slug-2",
                    "value": "2",
                  },
                ]
              }
              menuHeader={
                <StyledTeamsLabel>
                  Teams
                  <Link
                    style={
                      Object {
                        "float": "right",
                      }
                    }
                    to="/organizations/org-slug/teams/new/"
                  >
                    Create Team
                  </Link>
                </StyledTeamsLabel>
              }
              onSelect={[Function]}
            />
          </div>
        </div>
      </PanelHeader>
      <PanelBody
        direction="column"
        disablePadding={true}
        flex={false}
        key="body"
      >
        <TeamRow
          access={
            Set {
              "org:read",
              "org:write",
              "org:admin",
              "project:read",
              "project:write",
              "project:admin",
              "team:read",
              "team:write",
              "team:admin",
            }
          }
          key="1"
          onRemove={[Function]}
          orgId="org-slug"
          projectId="project-slug"
          team={
            Object {
              "id": "1",
              "name": "Team Name",
              "slug": "team-slug",
            }
          }
          teamCount={1}
        />
      </PanelBody>
    </Panel>
  </div>
</SideEffect(DocumentTitle)>
`;
